{
  "path" : "/blog/2015/10/04",
  "listContents" : true
}