{
  "type" : "head",
  "name" : "head",
  "orderExecution" : 100,
  "parameters" : { }
}