<component>
    <name>head</name>
    <orderExecution>100</orderExecution>
    <parameters/>
    <type>head</type>
</component>