<component>
    <name>post-content-header</name>
    <orderExecution>100</orderExecution>
    <parameters/>
    <type>content</type>
</component>