<template>
    <encoding>UTF-8</encoding>
    <mimeType>text/html</mimeType>
    <path>/blog/post.html</path>
</template>