<resource>
    <mimeType>image/jpeg</mimeType>
    <path>/img/avatar_qr.jpg</path>
</resource>