<resource>
    <mimeType>image/png</mimeType>
    <path>/img/delicious_logo.png</path>
</resource>