{
  "path" : "/img/delicious_logo.png",
  "encoding" : "",
  "mimeType" : "image/png"
}