<resource>
    <mimeType>image/png</mimeType>
    <path>/img/GitHub_Logo.png</path>
</resource>