<resource>
    <mimeType>image/png</mimeType>
    <path>/img/se-logo.png</path>
</resource>