{
  "path" : "/img/so-logo.png",
  "encoding" : "",
  "mimeType" : "image/png"
}