{
  "path" : "/blog/2015/10/04/post",
  "defaultContent" : "/blog/2015/10/04/post1/post.html",
  "listContents" : false
}