{
  "path" : "/blog",
  "defaultContent" : "/blog/index.html",
  "listContents" : false
}