{
  "path" : "/blog/index.html",
  "template" : "/blog/list-posts.html",
  "encoding" : "UTF-8"
}