{
  "path" : "/blog/rss.xml",
  "encoding" : "UTF-8",
  "mimeType" : "text/xml"
}