
<header class="row">
    <div class="col-md-12">
        <h1 class="entry-title" href="blog/post.html">Post1.</h1>

        <p class="entry-metadata">Posted at <time class="published" datetime="2015-10-04 12:00:00">04/10/2015</time></p>
        <p id="share-buttons">
            <span class='st_sharethis_hcount' displayText='ShareThis'></span>
            <span class='st_facebook_hcount' displayText='Facebook'></span>
            <span class='st_twitter_hcount' displayText='Tweet'></span>
            <span class='st_linkedin_hcount' displayText='LinkedIn'></span>
            <span class='st_email_hcount' displayText='Email'></span>
        </p>
    </div>
</header>
