<template>
    <encoding>UTF-8</encoding>
    <mimeType>text/html</mimeType>
    <path>/blog/list-posts.html</path>
</template>