{
  "path" : "/fonts/glyphicons-halflings-regular.woff2",
  "encoding" : "",
  "mimeType" : "application/octet-stream"
}