<resource>
    <mimeType>application/octet-stream</mimeType>
    <path>/fonts/glyphicons-halflings-regular.ttf</path>
</resource>