<resource>
    <mimeType>image/svg+xml</mimeType>
    <path>/fonts/glyphicons-halflings-regular.svg</path>
</resource>