{
  "path" : "/blog/post.html",
  "encoding" : "UTF-8",
  "mimeType" : "text/html"
}