{
  "path" : "/css/application.css",
  "encoding" : "UTF-8",
  "mimeType" : "text/css"
}