{
  "path" : "/",
  "defaultContent" : "/index.html",
  "listContents" : false
}