{
  "path" : "/fonts/glyphicons-halflings-regular.ttf",
  "encoding" : "",
  "mimeType" : "application/octet-stream"
}