{
  "path" : "/fonts/glyphicons-halflings-regular.svg",
  "encoding" : "",
  "mimeType" : "image/svg+xml"
}