{
  "path" : "/img/avatar_qr.jpg",
  "encoding" : "",
  "mimeType" : "image/jpeg"
}