{
  "path" : "/img/GitHub_Logo.png",
  "encoding" : "",
  "mimeType" : "image/png"
}