{
  "path" : "/img/se-logo.png",
  "encoding" : "",
  "mimeType" : "image/png"
}