<resource>
    <encoding>UTF-8</encoding>
    <mimeType>text/css</mimeType>
    <path>/css/application.css</path>
</resource>