<resource>
    <mimeType>text/css</mimeType>
    <path>/css/bootstrap.css</path>
</resource>