<resource>
    <mimeType>text/css</mimeType>
    <path>/css/bootstrap-theme.min.css</path>
</resource>