<resource>
    <mimeType>text/css</mimeType>
    <path>/css/bootstrap-theme.css</path>
</resource>