{
  "path" : "/css/bootstrap.min.css",
  "encoding" : "",
  "mimeType" : "text/css"
}