{
  "path" : "/blog/2015",
  "listContents" : false
}