{
  "path" : "/index.html",
  "encoding" : "UTF-8",
  "mimeType" : "text/html"
}