{
  "path" : "/css/bootstrap-theme.css",
  "encoding" : "",
  "mimeType" : "text/css"
}