<resource>
    <mimeType>text/javascript</mimeType>
    <path>/js/bootstrap.js</path>
</resource>