{
  "path" : "/blog/2015/10/04/post1/post.html",
  "template" : "/blog/post.html"
}